{"timestamp": "2026-09-19T07:59:09.877583+00:00", "level": "WARNING", "logger": "security", "message": "login_failed", "request_id": "68a11294-3293-477f-afc2-21e6503f121c", "user": "admin", "ip_address": "127.0.0.1"}
{"timestamp": "2026-09-19T07:59:12.292904+00:00", "level": "WARNING", "logger": "security", "message": "login_failed", "request_id": "d12e376b-b44c-4c81-ba9c-a8ea4629c891", "user": "admin", "ip_address": "127.0.0.1"}
{"timestamp": "2026-09-19T07:59:23.615748+00:00", "level": "WARNING", "logger": "security", "message": "login_failed", "request_id": "369ffb08-06e5-4827-be9c-d8f8dfad8e40", "user": "admin", "ip_address": "127.0.0.1"}
{"timestamp": "2026-09-19T08:02:19.661544+00:00", "level": "INFO", "logger": "security", "message": "login_success", "request_id": "bccbb58f-c96a-41d2-b0df-3270104d8c79", "user": "admin", "ip_address": "127.0.0.1"}
{"timestamp": "2026-09-19T08:17:30.977382+00:00", "level": "INFO", "logger": "httpx", "message": "HTTP Request: GET http://testserver/health \"HTTP/1.1 200 OK\""}
{"timestamp": "2026-09-19T08:17:31.014621+00:00", "level": "INFO", "logger": "httpx", "message": "HTTP Request: GET http://testserver/health \"HTTP/1.1 200 OK\""}
{"timestamp": "2026-09-19T08:17:31.056766+00:00", "level": "INFO", "logger": "httpx", "message": "HTTP Request: GET http://testserver/health \"HTTP/1.1 200 OK\""}
{"timestamp": "2026-09-19T08:17:31.096309+00:00", "level": "INFO", "logger": "httpx", "message": "HTTP Request: GET http://testserver/ \"HTTP/1.1 200 OK\""}
{"timestamp": "2026-09-19T08:17:31.122302+00:00", "level": "INFO", "logger": "httpx", "message": "HTTP Request: GET http://testserver/api/v1/profile \"HTTP/1.1 401 Unauthorized\""}
{"timestamp": "2026-09-19T08:17:31.155316+00:00", "level": "INFO", "logger": "httpx", "message": "HTTP Request: GET http://testserver/api/v1/profile \"HTTP/1.1 200 OK\""}
{"timestamp": "2026-09-19T08:17:31.182212+00:00", "level": "INFO", "logger": "httpx", "message": "HTTP Request: GET http://testserver/api/v1/profile \"HTTP/1.1 401 Unauthorized\""}
{"timestamp": "2026-09-19T08:17:31.218891+00:00", "level": "INFO", "logger": "httpx", "message": "HTTP Request: GET http://testserver/ \"HTTP/1.1 200 OK\""}
{"timestamp": "2026-09-19T08:17:31.246189+00:00", "level": "INFO", "logger": "httpx", "message": "HTTP Request: GET http://testserver/health \"HTTP/1.1 200 OK\""}
{"timestamp": "2026-09-19T08:17:31.685277+00:00", "level": "INFO", "logger": "security", "message": "login_success", "request_id": "b4058a3f-f1bc-4d07-aa51-2febd9c0a872", "user": "security-user", "ip_address": "testclient"}
{"timestamp": "2026-09-19T08:17:31.695645+00:00", "level": "INFO", "logger": "httpx", "message": "HTTP Request: POST http://testserver/auth/login \"HTTP/1.1 200 OK\""}
{"timestamp": "2026-09-19T08:17:31.714644+00:00", "level": "INFO", "logger": "httpx", "message": "HTTP Request: GET http://testserver/api/v1/admin/dashboard \"HTTP/1.1 403 Forbidden\""}
{"timestamp": "2026-09-19T08:17:32.002430+00:00", "level": "INFO", "logger": "security", "message": "login_success", "request_id": "0df85fb2-49c7-4245-b1bf-a0188506d71b", "user": "admin-user", "ip_address": "testclient"}
{"timestamp": "2026-09-19T08:17:32.011821+00:00", "level": "INFO", "logger": "httpx", "message": "HTTP Request: POST http://testserver/auth/login \"HTTP/1.1 200 OK\""}
{"timestamp": "2026-09-19T08:17:32.034031+00:00", "level": "INFO", "logger": "httpx", "message": "HTTP Request: GET http://testserver/api/v1/admin/dashboard \"HTTP/1.1 200 OK\""}
{"timestamp": "2026-09-19T08:17:32.334008+00:00", "level": "INFO", "logger": "security", "message": "login_success", "request_id": "138f2a67-7095-417e-9fed-2f4071a84678", "user": "security-user", "ip_address": "testclient"}
{"timestamp": "2026-09-19T08:17:32.347023+00:00", "level": "INFO", "logger": "httpx", "message": "HTTP Request: POST http://testserver/auth/login \"HTTP/1.1 200 OK\""}
{"timestamp": "2026-09-19T08:17:32.366514+00:00", "level": "INFO", "logger": "httpx", "message": "HTTP Request: GET http://testserver/api/v1/profile \"HTTP/1.1 200 OK\""}
{"timestamp": "2026-09-19T08:17:32.631392+00:00", "level": "INFO", "logger": "security", "message": "login_success", "request_id": "dad350c6-b5a5-4064-a878-c3410b870565", "user": "admin-user", "ip_address": "testclient"}
{"timestamp": "2026-09-19T08:17:32.640391+00:00", "level": "INFO", "logger": "httpx", "message": "HTTP Request: POST http://testserver/auth/login \"HTTP/1.1 200 OK\""}
{"timestamp": "2026-09-19T08:17:32.705800+00:00", "level": "INFO", "logger": "security", "message": "token_refreshed", "request_id": "dba8ca79-38bf-43bf-8248-140c7d48eafe", "user": "admin-user", "ip_address": "testclient"}
{"timestamp": "2026-09-19T08:17:32.715095+00:00", "level": "INFO", "logger": "httpx", "message": "HTTP Request: POST http://testserver/auth/refresh \"HTTP/1.1 200 OK\""}
{"timestamp": "2026-09-19T08:17:32.987134+00:00", "level": "INFO", "logger": "security", "message": "login_success", "request_id": "78941e24-8380-4b15-a19a-d487af1cb097", "user": "admin-user", "ip_address": "testclient"}
{"timestamp": "2026-09-19T08:17:32.995301+00:00", "level": "INFO", "logger": "httpx", "message": "HTTP Request: POST http://testserver/auth/login \"HTTP/1.1 200 OK\""}
{"timestamp": "2026-09-19T08:17:33.054545+00:00", "level": "INFO", "logger": "security", "message": "token_refreshed", "request_id": "a11b5cc5-a90f-4659-9df5-971152c8ecb7", "user": "admin-user", "ip_address": "testclient"}
{"timestamp": "2026-09-19T08:17:33.063037+00:00", "level": "INFO", "logger": "httpx", "message": "HTTP Request: POST http://testserver/auth/refresh \"HTTP/1.1 200 OK\""}
{"timestamp": "2026-09-19T08:17:33.085471+00:00", "level": "INFO", "logger": "httpx", "message": "HTTP Request: POST http://testserver/auth/refresh \"HTTP/1.1 401 Unauthorized\""}
{"timestamp": "2026-09-19T08:17:33.319562+00:00", "level": "INFO", "logger": "security", "message": "login_success", "request_id": "7cd2c63b-e461-47d1-936a-1fbcdd2bb8f0", "user": "admin-user", "ip_address": "testclient"}
{"timestamp": "2026-09-19T08:17:33.327898+00:00", "level": "INFO", "logger": "httpx", "message": "HTTP Request: POST http://testserver/auth/login \"HTTP/1.1 200 OK\""}
{"timestamp": "2026-09-19T08:17:33.364468+00:00", "level": "INFO", "logger": "security", "message": "logout", "request_id": "8caa8954-a0d3-4515-aa90-ae2a58825c8e", "ip_address": "testclient"}
{"timestamp": "2026-09-19T08:17:33.375759+00:00", "level": "INFO", "logger": "httpx", "message": "HTTP Request: POST http://testserver/auth/logout \"HTTP/1.1 200 OK\""}
{"timestamp": "2026-09-19T08:17:33.394757+00:00", "level": "INFO", "logger": "httpx", "message": "HTTP Request: POST http://testserver/auth/refresh \"HTTP/1.1 401 Unauthorized\""}
{"timestamp": "2026-09-19T08:17:33.618343+00:00", "level": "INFO", "logger": "security", "message": "login_success", "request_id": "228e5019-2c43-40d4-bbe8-8bc1a148a3c2", "user": "admin-user", "ip_address": "testclient"}
{"timestamp": "2026-09-19T08:17:33.634723+00:00", "level": "INFO", "logger": "httpx", "message": "HTTP Request: POST http://testserver/auth/login \"HTTP/1.1 200 OK\""}
{"timestamp": "2026-09-19T08:17:33.688777+00:00", "level": "INFO", "logger": "httpx", "message": "HTTP Request: POST http://testserver/api/v1/incidents \"HTTP/1.1 401 Unauthorized\""}
{"timestamp": "2026-09-19T08:17:34.110904+00:00", "level": "INFO", "logger": "security", "message": "login_success", "request_id": "caba7321-abee-4571-92e1-74aa34ca1849", "user": "security-user", "ip_address": "testclient"}
{"timestamp": "2026-09-19T08:17:34.122906+00:00", "level": "INFO", "logger": "httpx", "message": "HTTP Request: POST http://testserver/auth/login \"HTTP/1.1 200 OK\""}
{"timestamp": "2026-09-19T08:17:34.185450+00:00", "level": "INFO", "logger": "httpx", "message": "HTTP Request: POST http://testserver/api/v1/incidents \"HTTP/1.1 201 Created\""}
{"timestamp": "2026-09-19T08:17:34.361606+00:00", "level": "INFO", "logger": "security", "message": "login_success", "request_id": "f1af6c5a-0e93-4430-8783-b2ef3c9a8b4d", "user": "security-user", "ip_address": "testclient"}
{"timestamp": "2026-09-19T08:17:34.370134+00:00", "level": "INFO", "logger": "httpx", "message": "HTTP Request: POST http://testserver/auth/login \"HTTP/1.1 200 OK\""}
{"timestamp": "2026-09-19T08:17:34.424174+00:00", "level": "INFO", "logger": "httpx", "message": "HTTP Request: POST http://testserver/api/v1/incidents \"HTTP/1.1 201 Created\""}
{"timestamp": "2026-09-19T08:17:34.454043+00:00", "level": "INFO", "logger": "httpx", "message": "HTTP Request: GET http://testserver/api/v1/incidents/4bc16c2d-ac98-4490-bccf-ec4e36e8263f \"HTTP/1.1 200 OK\""}
{"timestamp": "2026-09-19T08:17:34.625842+00:00", "level": "INFO", "logger": "security", "message": "login_success", "request_id": "047e81ba-9016-4125-ae42-c65c1184d92f", "user": "security-user", "ip_address": "testclient"}
{"timestamp": "2026-09-19T08:17:34.635834+00:00", "level": "INFO", "logger": "httpx", "message": "HTTP Request: POST http://testserver/auth/login \"HTTP/1.1 200 OK\""}
{"timestamp": "2026-09-19T08:17:34.667373+00:00", "level": "INFO", "logger": "httpx", "message": "HTTP Request: POST http://testserver/api/v1/incidents \"HTTP/1.1 201 Created\""}
{"timestamp": "2026-09-19T08:17:34.685366+00:00", "level": "INFO", "logger": "httpx", "message": "HTTP Request: GET http://testserver/api/v1/incidents/4d5d35cb-e578-496b-bc17-2a92f94b3bb9 \"HTTP/1.1 404 Not Found\""}
{"timestamp": "2026-09-19T08:17:34.704373+00:00", "level": "INFO", "logger": "httpx", "message": "HTTP Request: GET http://testserver/api/v1/incidents \"HTTP/1.1 401 Unauthorized\""}
{"timestamp": "2026-09-19T08:17:34.879461+00:00", "level": "INFO", "logger": "security", "message": "login_success", "request_id": "1e5f77d0-0769-4b4c-a3c3-1b2383955ee2", "user": "security-user", "ip_address": "testclient"}
{"timestamp": "2026-09-19T08:17:34.885451+00:00", "level": "INFO", "logger": "httpx", "message": "HTTP Request: POST http://testserver/auth/login \"HTTP/1.1 200 OK\""}
{"timestamp": "2026-09-19T08:17:34.916459+00:00", "level": "INFO", "logger": "httpx", "message": "HTTP Request: POST http://testserver/api/v1/incidents \"HTTP/1.1 201 Created\""}
{"timestamp": "2026-09-19T08:17:34.944492+00:00", "level": "INFO", "logger": "httpx", "message": "HTTP Request: GET http://testserver/api/v1/incidents \"HTTP/1.1 200 OK\""}
{"timestamp": "2026-09-19T08:17:35.126341+00:00", "level": "INFO", "logger": "security", "message": "login_success", "request_id": "ba193135-ed62-4246-a9e1-d2b6db458b0f", "user": "security-user", "ip_address": "testclient"}
{"timestamp": "2026-09-19T08:17:35.134336+00:00", "level": "INFO", "logger": "httpx", "message": "HTTP Request: POST http://testserver/auth/login \"HTTP/1.1 200 OK\""}
{"timestamp": "2026-09-19T08:17:35.180686+00:00", "level": "INFO", "logger": "httpx", "message": "HTTP Request: POST http://testserver/api/v1/incidents \"HTTP/1.1 201 Created\""}
{"timestamp": "2026-09-19T08:17:35.201700+00:00", "level": "INFO", "logger": "httpx", "message": "HTTP Request: GET http://testserver/api/v1/incidents \"HTTP/1.1 200 OK\""}
